SourceFilePath: "my-app/src/main/java/com/mycompany/app/bar.java"
	LanguageStandard: "10"
	ClassPathItem: "test/jre/system/library/path.jar"
	ClassPathItem: "my-app/src/main/java"
	ClassPathItem: "my-app/src/test/java"
SourceFilePath: "my-app/src/main/java/com/mycompany/app/foobar.java"
	LanguageStandard: "10"
	ClassPathItem: "test/jre/system/library/path.jar"
	ClassPathItem: "my-app/src/main/java"
	ClassPathItem: "my-app/src/test/java"
SourceFilePath: "my-app/src/main/java/com/mycompany/app/main.java"
	LanguageStandard: "10"
	ClassPathItem: "test/jre/system/library/path.jar"
	ClassPathItem: "my-app/src/main/java"
	ClassPathItem: "my-app/src/test/java"
SourceFilePath: "my-app/src/test/java/com/mycompany/app/apptest.java"
	LanguageStandard: "10"
	ClassPathItem: "test/jre/system/library/path.jar"
	ClassPathItem: "my-app/src/main/java"
	ClassPathItem: "my-app/src/test/java"
