SourceFilePath: "src/test.cpp"
	IndexedPath: "src/test.cpp"
	IndexedPath: "test/indexed/header/path"
	CompilerFlag: "-isystem"
	CompilerFlag: "data/cxx/include/"
	CompilerFlag: "-isystem"
	CompilerFlag: "src/header/search/path/from/cbp"
	CompilerFlag: "-DDEFINE_FROM_CBP"
	CompilerFlag: "-isystem"
	CompilerFlag: "data/cxx/include/"
	CompilerFlag: "-isystem"
	CompilerFlag: "header_search/local"
	CompilerFlag: "-isystem"
	CompilerFlag: "test/header/search/path"
	CompilerFlag: "-iframework"
	CompilerFlag: "framework_search/local"
	CompilerFlag: "-iframework"
	CompilerFlag: "test/framework/search/path"
	CompilerFlag: "-local-flag"
	CompilerFlag: "-std=c++11"
	CompilerFlag: "src/test.cpp"
	ExcludeFilter: "**/excluded/**"
