SourceFilePath: "src/foo/bar.java"
	LanguageStandard: "10"
	ClassPathItem: "lib/dependency.jar"
	ClassPathItem: "classpath_dir"
	ClassPathItem: "test/jre/system/library/path.jar"
	ClassPathItem: "src"
SourceFilePath: "src/foo/foobar.java"
	LanguageStandard: "10"
	ClassPathItem: "lib/dependency.jar"
	ClassPathItem: "classpath_dir"
	ClassPathItem: "test/jre/system/library/path.jar"
	ClassPathItem: "src"
SourceFilePath: "src/foo/main.java"
	LanguageStandard: "10"
	ClassPathItem: "lib/dependency.jar"
	ClassPathItem: "classpath_dir"
	ClassPathItem: "test/jre/system/library/path.jar"
	ClassPathItem: "src"
