SourceFilePath: "src/test.c"
	IndexedPath: "src"
	CompilerFlag: "--target=test_arch-test_vendor-test_sys-test_abi"
	CompilerFlag: "-std=c11"
	CompilerFlag: "-isystem"
	CompilerFlag: "data/cxx/include/"
	CompilerFlag: "-isystem"
	CompilerFlag: "src"
	CompilerFlag: "-isystem"
	CompilerFlag: "header_search/local"
	CompilerFlag: "-isystem"
	CompilerFlag: "test/header/search/path"
	CompilerFlag: "-iframework"
	CompilerFlag: "framework_search/local"
	CompilerFlag: "-iframework"
	CompilerFlag: "test/framework/search/path"
	CompilerFlag: "-local-flag"
	CompilerFlag: "src/test.c"
	ExcludeFilter: "**/excluded/**"
