SourceFilePath: "src/main/java/hello/greeter.java"
	LanguageStandard: "10"
	ClassPathItem: "test/jre/system/library/path.jar"
	ClassPathItem: "src/main/java"
	ClassPathItem: "src/test/java"
SourceFilePath: "src/test/java/hello/helloworldtests.java"
	LanguageStandard: "10"
	ClassPathItem: "test/jre/system/library/path.jar"
	ClassPathItem: "src/main/java"
	ClassPathItem: "src/test/java"
